FILENAME	NUMSEQ	TOTAL	MIN	AVG	MAX
stdin	2	357	120	178	237
