FILENAME	NUMSEQ	TOTAL	MIN	AVG	MAX
two_sequence.fasta	1	120	120	120	120
